[    1007ms] [ERROR] Failed to load resource: net::ERR_ADDRESS_INVALID @ https://o22381.ingest.us.sentry.io/api/4505164808585216/envelope/?sentry_version=7&sentry_key=4cc707ab12ea4779b417479c0550a5cb&sentry_client=sentry.javascript.nextjs%2F10.45.0:0
[    1011ms] [ERROR] Failed to load resource: the server responded with a status of 404 (Not Found) @ http://localhost:8765/favicon.ico:0
[    1035ms] [ERROR] Failed to load resource: net::ERR_ADDRESS_INVALID @ https://o22381.ingest.us.sentry.io/api/4505164808585216/envelope/?sentry_version=7&sentry_key=4cc707ab12ea4779b417479c0550a5cb&sentry_client=sentry.javascript.nextjs%2F10.45.0:0
[    1035ms] [ERROR] Failed to load resource: net::ERR_ADDRESS_INVALID @ https://o22381.ingest.us.sentry.io/api/4505164808585216/envelope/?sentry_version=7&sentry_key=4cc707ab12ea4779b417479c0550a5cb&sentry_client=sentry.javascript.nextjs%2F10.45.0:0
[    1082ms] [WARNING] com.microsoft.playready.recommendation: Internal testing is highly recommended prior to enabling PlayReady playback on Windows. Failure to do so may cause application instability or playback errors.

Before generating a request, setServerCertificate() must be called with a valid server certificate. Otherwise, generateRequest() could fail. @ https://embed-cdn.spotifycdn.com/_next/static/chunks/3327.b77ca16d39519caf.js:0
[    1082ms] [WARNING] com.microsoft.playready.recommendation.3000: Internal testing is highly recommended prior to enabling PlayReady playback on Windows. Failure to do so may cause application instability or playback errors.

Before generating a request, setServerCertificate() must be called with a valid server certificate. Otherwise, generateRequest() could fail. @ https://embed-cdn.spotifycdn.com/_next/static/chunks/3327.b77ca16d39519caf.js:0
[  477088ms] [ERROR] Failed to load resource: the server responded with a status of 404 (Not Found) @ http://localhost:8765/favicon.ico:0
[  930206ms] [ERROR] Failed to load resource: net::ERR_ADDRESS_INVALID @ https://o22381.ingest.us.sentry.io/api/4505164808585216/envelope/?sentry_version=7&sentry_key=4cc707ab12ea4779b417479c0550a5cb&sentry_client=sentry.javascript.nextjs%2F10.45.0:0
[  930207ms] [ERROR] Failed to load resource: net::ERR_ADDRESS_INVALID @ https://o22381.ingest.us.sentry.io/api/4505164808585216/envelope/?sentry_version=7&sentry_key=4cc707ab12ea4779b417479c0550a5cb&sentry_client=sentry.javascript.nextjs%2F10.45.0:0
[  930218ms] [ERROR] Failed to load resource: net::ERR_ADDRESS_INVALID @ https://o22381.ingest.us.sentry.io/api/4505164808585216/envelope/?sentry_version=7&sentry_key=4cc707ab12ea4779b417479c0550a5cb&sentry_client=sentry.javascript.nextjs%2F10.45.0:0
[  930238ms] [WARNING] com.microsoft.playready.recommendation: Internal testing is highly recommended prior to enabling PlayReady playback on Windows. Failure to do so may cause application instability or playback errors.

Before generating a request, setServerCertificate() must be called with a valid server certificate. Otherwise, generateRequest() could fail. @ https://embed-cdn.spotifycdn.com/_next/static/chunks/3327.b77ca16d39519caf.js:0
[  930238ms] [WARNING] com.microsoft.playready.recommendation.3000: Internal testing is highly recommended prior to enabling PlayReady playback on Windows. Failure to do so may cause application instability or playback errors.

Before generating a request, setServerCertificate() must be called with a valid server certificate. Otherwise, generateRequest() could fail. @ https://embed-cdn.spotifycdn.com/_next/static/chunks/3327.b77ca16d39519caf.js:0
[ 1219326ms] [ERROR] Failed to load resource: net::ERR_ADDRESS_INVALID @ https://o22381.ingest.us.sentry.io/api/4505164808585216/envelope/?sentry_version=7&sentry_key=4cc707ab12ea4779b417479c0550a5cb&sentry_client=sentry.javascript.nextjs%2F10.45.0:0
[ 1219327ms] [ERROR] Failed to load resource: net::ERR_ADDRESS_INVALID @ https://o22381.ingest.us.sentry.io/api/4505164808585216/envelope/?sentry_version=7&sentry_key=4cc707ab12ea4779b417479c0550a5cb&sentry_client=sentry.javascript.nextjs%2F10.45.0:0
[ 1219334ms] [ERROR] Failed to load resource: net::ERR_ADDRESS_INVALID @ https://o22381.ingest.us.sentry.io/api/4505164808585216/envelope/?sentry_version=7&sentry_key=4cc707ab12ea4779b417479c0550a5cb&sentry_client=sentry.javascript.nextjs%2F10.45.0:0
[ 1219339ms] [WARNING] com.microsoft.playready.recommendation: Internal testing is highly recommended prior to enabling PlayReady playback on Windows. Failure to do so may cause application instability or playback errors.

Before generating a request, setServerCertificate() must be called with a valid server certificate. Otherwise, generateRequest() could fail. @ https://embed-cdn.spotifycdn.com/_next/static/chunks/3327.b77ca16d39519caf.js:0
[ 1219339ms] [WARNING] com.microsoft.playready.recommendation.3000: Internal testing is highly recommended prior to enabling PlayReady playback on Windows. Failure to do so may cause application instability or playback errors.

Before generating a request, setServerCertificate() must be called with a valid server certificate. Otherwise, generateRequest() could fail. @ https://embed-cdn.spotifycdn.com/_next/static/chunks/3327.b77ca16d39519caf.js:0
[ 1243311ms] [ERROR] Failed to load resource: net::ERR_ADDRESS_INVALID @ https://o22381.ingest.us.sentry.io/api/4505164808585216/envelope/?sentry_version=7&sentry_key=4cc707ab12ea4779b417479c0550a5cb&sentry_client=sentry.javascript.nextjs%2F10.45.0:0
[ 1243318ms] [ERROR] Failed to load resource: net::ERR_ADDRESS_INVALID @ https://o22381.ingest.us.sentry.io/api/4505164808585216/envelope/?sentry_version=7&sentry_key=4cc707ab12ea4779b417479c0550a5cb&sentry_client=sentry.javascript.nextjs%2F10.45.0:0
[ 1243318ms] [ERROR] Failed to load resource: net::ERR_ADDRESS_INVALID @ https://o22381.ingest.us.sentry.io/api/4505164808585216/envelope/?sentry_version=7&sentry_key=4cc707ab12ea4779b417479c0550a5cb&sentry_client=sentry.javascript.nextjs%2F10.45.0:0
[ 1243321ms] [WARNING] com.microsoft.playready.recommendation: Internal testing is highly recommended prior to enabling PlayReady playback on Windows. Failure to do so may cause application instability or playback errors.

Before generating a request, setServerCertificate() must be called with a valid server certificate. Otherwise, generateRequest() could fail. @ https://embed-cdn.spotifycdn.com/_next/static/chunks/3327.b77ca16d39519caf.js:0
[ 1243321ms] [WARNING] com.microsoft.playready.recommendation.3000: Internal testing is highly recommended prior to enabling PlayReady playback on Windows. Failure to do so may cause application instability or playback errors.

Before generating a request, setServerCertificate() must be called with a valid server certificate. Otherwise, generateRequest() could fail. @ https://embed-cdn.spotifycdn.com/_next/static/chunks/3327.b77ca16d39519caf.js:0
[ 1381407ms] [ERROR] Failed to load resource: net::ERR_ADDRESS_INVALID @ https://o22381.ingest.us.sentry.io/api/4505164808585216/envelope/?sentry_version=7&sentry_key=4cc707ab12ea4779b417479c0550a5cb&sentry_client=sentry.javascript.nextjs%2F10.45.0:0
[ 1381417ms] [ERROR] Failed to load resource: net::ERR_ADDRESS_INVALID @ https://o22381.ingest.us.sentry.io/api/4505164808585216/envelope/?sentry_version=7&sentry_key=4cc707ab12ea4779b417479c0550a5cb&sentry_client=sentry.javascript.nextjs%2F10.45.0:0
[ 1381417ms] [ERROR] Failed to load resource: net::ERR_ADDRESS_INVALID @ https://o22381.ingest.us.sentry.io/api/4505164808585216/envelope/?sentry_version=7&sentry_key=4cc707ab12ea4779b417479c0550a5cb&sentry_client=sentry.javascript.nextjs%2F10.45.0:0
[ 1381421ms] [WARNING] com.microsoft.playready.recommendation: Internal testing is highly recommended prior to enabling PlayReady playback on Windows. Failure to do so may cause application instability or playback errors.

Before generating a request, setServerCertificate() must be called with a valid server certificate. Otherwise, generateRequest() could fail. @ https://embed-cdn.spotifycdn.com/_next/static/chunks/3327.b77ca16d39519caf.js:0
[ 1381422ms] [WARNING] com.microsoft.playready.recommendation.3000: Internal testing is highly recommended prior to enabling PlayReady playback on Windows. Failure to do so may cause application instability or playback errors.

Before generating a request, setServerCertificate() must be called with a valid server certificate. Otherwise, generateRequest() could fail. @ https://embed-cdn.spotifycdn.com/_next/static/chunks/3327.b77ca16d39519caf.js:0
