[     151ms] [ERROR] Failed to load resource: net::ERR_ADDRESS_INVALID @ https://ogads-pa.clients6.google.com/$rpc/google.internal.onegoogle.asyncdata.v1.AsyncDataService/GetAsyncData:0
[    2880ms] [ERROR] Failed to load resource: the server responded with a status of 404 (Not Found) @ http://musicbythibaut.com/:0
[   45041ms] [ERROR] Failed to load resource: the server responded with a status of 404 (Not Found) @ http://musicbythibaut.com/:0
[   46124ms] [ERROR] Failed to load resource: the server responded with a status of 404 (Not Found) @ http://musicbythibaut.com/:0
[   46506ms] [ERROR] Failed to load resource: the server responded with a status of 404 (Not Found) @ http://musicbythibaut.com/:0
[   46794ms] [ERROR] Failed to load resource: the server responded with a status of 404 (Not Found) @ http://musicbythibaut.com/:0
[   46956ms] [ERROR] Failed to load resource: the server responded with a status of 404 (Not Found) @ http://musicbythibaut.com/:0
[   47114ms] [ERROR] Failed to load resource: the server responded with a status of 404 (Not Found) @ http://musicbythibaut.com/:0
[   47270ms] [ERROR] Failed to load resource: the server responded with a status of 404 (Not Found) @ http://musicbythibaut.com/:0
[   47426ms] [ERROR] Failed to load resource: the server responded with a status of 404 (Not Found) @ http://musicbythibaut.com/:0
[   47576ms] [ERROR] Failed to load resource: the server responded with a status of 404 (Not Found) @ http://musicbythibaut.com/:0
[   47728ms] [ERROR] Failed to load resource: the server responded with a status of 404 (Not Found) @ http://musicbythibaut.com/:0
[   47889ms] [ERROR] Failed to load resource: the server responded with a status of 404 (Not Found) @ http://musicbythibaut.com/:0
[   48050ms] [ERROR] Failed to load resource: the server responded with a status of 404 (Not Found) @ http://musicbythibaut.com/:0
[   48208ms] [ERROR] Failed to load resource: the server responded with a status of 404 (Not Found) @ http://musicbythibaut.com/:0
[   48359ms] [ERROR] Failed to load resource: the server responded with a status of 404 (Not Found) @ http://musicbythibaut.com/:0
[   48516ms] [ERROR] Failed to load resource: the server responded with a status of 404 (Not Found) @ http://musicbythibaut.com/:0
[   48662ms] [ERROR] Failed to load resource: the server responded with a status of 404 (Not Found) @ http://musicbythibaut.com/:0
[   49130ms] [ERROR] Failed to load resource: the server responded with a status of 404 (Not Found) @ http://musicbythibaut.com/:0
[   51294ms] [ERROR] Failed to load resource: the server responded with a status of 404 (Not Found) @ http://musicbythibaut.com/:0
[   51793ms] [ERROR] Failed to load resource: the server responded with a status of 404 (Not Found) @ http://musicbythibaut.com/:0
[   51957ms] [ERROR] Failed to load resource: the server responded with a status of 404 (Not Found) @ http://musicbythibaut.com/:0
[   52109ms] [ERROR] Failed to load resource: the server responded with a status of 404 (Not Found) @ http://musicbythibaut.com/:0
[   52272ms] [ERROR] Failed to load resource: the server responded with a status of 404 (Not Found) @ http://musicbythibaut.com/:0
[   52456ms] [ERROR] Failed to load resource: the server responded with a status of 404 (Not Found) @ http://musicbythibaut.com/:0
[   52609ms] [ERROR] Failed to load resource: the server responded with a status of 404 (Not Found) @ http://musicbythibaut.com/:0
[   52867ms] [ERROR] Failed to load resource: the server responded with a status of 404 (Not Found) @ http://musicbythibaut.com/:0
[   53121ms] [ERROR] Failed to load resource: the server responded with a status of 404 (Not Found) @ http://musicbythibaut.com/:0
[   53454ms] [ERROR] Failed to load resource: the server responded with a status of 404 (Not Found) @ http://musicbythibaut.com/:0
[   53591ms] [ERROR] Failed to load resource: the server responded with a status of 404 (Not Found) @ http://musicbythibaut.com/:0
[   53837ms] [ERROR] Failed to load resource: the server responded with a status of 404 (Not Found) @ http://musicbythibaut.com/:0
[   60641ms] [ERROR] Failed to load resource: the server responded with a status of 404 (Not Found) @ http://musicbythibaut.com/:0
[   61092ms] [ERROR] Failed to load resource: the server responded with a status of 404 (Not Found) @ http://musicbythibaut.com/:0
[   61320ms] [ERROR] Failed to load resource: the server responded with a status of 404 (Not Found) @ http://musicbythibaut.com/:0
[   61464ms] [ERROR] Failed to load resource: the server responded with a status of 404 (Not Found) @ http://musicbythibaut.com/:0
[   81812ms] [ERROR] Failed to load resource: the server responded with a status of 404 (Not Found) @ http://www.musicbythibaut.com/:0
[  100280ms] [ERROR] Failed to load resource: the server responded with a status of 404 (Not Found) @ http://www.musicbythibaut.com/:0
[  126501ms] [ERROR] Failed to load resource: the server responded with a status of 404 (Not Found) @ http://musicbythibaut.com/:0
[  191783ms] [ERROR] Failed to load resource: the server responded with a status of 404 (Not Found) @ http://musicbythibaut.com/:0
[  192224ms] [ERROR] Failed to load resource: the server responded with a status of 404 (Not Found) @ http://musicbythibaut.com/:0
